<!doctype html>
<!--[if lt IE 9]><html class="ie"><![endif]-->
<!--[if gte IE 9]><!--><html><!--<![endif]-->

<!--
	The comment jumble above is handy for targeting old IE with CSS.
	http://paulirish.com/2008/conditional-stylesheets-vs-css-hacks-answer-neither/
-->
	
	<head>
		<meta charset="utf-8"/>
		<meta http-equiv="X-UA-Compatible" content="IE=edge,chrome=1"/>
		<title>Fluid Grid System Demo</title>
		
		<!-- Please don't add "maximum-scale=1" here. It's bad for accessibility. -->
		<meta name="viewport" content="width=device-width, initial-scale=1"/>
		
		<!-- Feel free to split the CSS into separate files, if you like. -->
		<link rel="stylesheet" href="GGS.css"/> 
		
		<!-- Here's Golden Gridlet, the grid overlay script. -->
		<script src="GGS.js"></script>
		<script src="http://ajax.googleapis.com/ajax/libs/jquery/1.6.2/jquery.min.js"></script>
		
		
		<!-- 
			This script enables structural HTML5 elements in old IE.
			http://code.google.com/p/html5shim/
		-->
		<!--[if lt IE 9]>
			<script src="//html5shim.googlecode.com/svn/trunk/html5.js"></script>
		<![endif]-->
	</head>
	
	<body lang="en">
		
		<!-- Demo code begins -->
		
		<div id="wrapper">
			<h1>Fluid 1024px Grid<span></span></h1>
			<h4 class='layoutType'>Layout Type: <span class='type'></span>
			<br />Viewport Width: <span class='windowWidth'></span></h4>
			<h2 class='wrapWidth'>Wrapper Width: <span></span></h2>
			<h3 class='contentWidth'>Content Width: <span></span></h3>
			<div class='header col'>Header <span></span></div>
			<div class="contentWell col">Content Well <span></span><br />
				<p>This is a <i>fluid</i> grid that adapts to the width of the viewport. The gutter widths are based on font size, but the column widths change, and at certain thresholds fold onto themselves. The site gutters are always 5.55%.</p>
				<p>At 640px and below there are 4 columns, above there are 8, and 1600px and above there are 16 columns.</p>
				<p><a href='javascript:history.back(1);'>BACK</a></p>
			</div>
			<div class="rightRail col">Ad <span></span></div>
			<div class='tools col'>Right Rail <span></span></div>

			<div class="nav col">Navigation <span></span></div>

			<div class='footer col'>Footer <span></span></div>
			<hr class='clearboth' />
			
		</div>
		
		<!-- Demo code ends -->
		
		
		<script type="text/javascript" charset="utf-8">


			$(window).bind("resize", resizeWindow);


			//set the bottom thresholds for each size
			var huge = 1600;
			var desktop = 1024;
			var tablet = 640;

			function resizeWindow( e ) {

				//update width readouts for elements
				$('.wrapWidth span').html($('.wrapWidth').width() + "px");
				$('.contentWidth span').html($('.contentWidth').width() + "px");

				$('.col').each(function(){
					$(this).children('span').html($(this).width());
				})

				var wwidth = $(window).width();
					var theLayout = 'Mobile';

				if(wwidth < tablet){
					$('.nav').remove().insertAfter('.tools');
				}

				if(wwidth >= tablet && wwidth < desktop){
					theLayout = 'Tablet';
					$('.nav').remove().insertAfter('.header');
				}

				if(wwidth >= desktop && wwidth < huge){
					theLayout = 'Desktop';
					$('.nav').remove().insertAfter('.header');
					$('.tools').remove().insertAfter('.rightRail');
				}

				if(wwidth >= huge){
					theLayout = 'Huge';
					$('.tools').remove().insertAfter('.contentWell');
				}

				$('.layoutType .type').html(theLayout);
				$('.layoutType .windowWidth').html(wwidth);

			}
			resizeWindow();
		</script>
	</body>
	
</html>