<!doctype html>
<!--[if lt IE 9]><html class="ie"><![endif]-->
<!--[if gte IE 9]><!--><html><!--<![endif]-->

<!--
	The comment jumble above is handy for targeting old IE with CSS.
	http://paulirish.com/2008/conditional-stylesheets-vs-css-hacks-answer-neither/
-->
	
	<head>
		<meta charset="utf-8"/>
		<meta http-equiv="X-UA-Compatible" content="IE=edge,chrome=1"/>
		<title>Fluid Grid System Demo</title>
		
		<!-- Please don't add "maximum-scale=1" here. It's bad for accessibility. -->
		<meta name="viewport" content="width=device-width, initial-scale=1"/>
		
		<!-- Feel free to split the CSS into separate files, if you like. -->
		<link rel="stylesheet" href="GGS.css"/> 
		
		<!-- Here's Golden Gridlet, the grid overlay script. -->
		<script src="GGS.js"></script>
		<script src="http://ajax.googleapis.com/ajax/libs/jquery/1.6.2/jquery.min.js"></script>
		
		<!-- 
			This script enables structural HTML5 elements in old IE.
			http://code.google.com/p/html5shim/
		-->
		<!--[if lt IE 9]>
			<script src="//html5shim.googlecode.com/svn/trunk/html5.js"></script>
		<![endif]-->
	</head>
	
	<body lang="en">
		
		<!-- Demo code begins -->
		
		<header>
			<div class="wrapper">
				<h1>Golden Grid Demo</h1>
				<h2>
					Use the icon in the upper right corner to see an overlay of the grid.
				</h2>
			</div>
		</header>
		
		<div class='info'>		
			<h3 class='siteWidth'>Wrapper Width: <span></span></h3>
			<section class='wrapper clear'><h3 class='contentWidth'>ContentWidth: <span></span></h3></section>
		</div>
		
		<div class="header">
			<section class='wrapper'><h3>Header <span></span></h3></section>
		</div>
		
		<nav>
			<section class='wrapper'><h3>Navigation <span></span></h3></section>
		</nav>
		
		<article id="twoway">
			<section class="wrapper lg">
				<h3>Content Well <span></span></h3>
				<p>
					<p>This is a <i>fluid</i> grid that adapts to the width of the viewport. The column/gutter widths change, and at certain thresholds fold onto themselves.</p>
					<p>At 640px and below there are 4 columns, at 720 and above there are 8, and 1872px and above there are 16 columns.</p>
					<p><a href='javascript:history.back(1);'>BACK</a></p>
				</p>
			</section>
			<section class="wrapper rr">
				<h3>Right Rail <span></span></h3>
					<div class="image">
						
					</div>
			</section>
			<hr class='clearboth' />
		</article>
		<footer>
			<section class='wrapper'><h3>Footer <span></span></h3></section>
		</footer>
		<!-- Demo code ends -->
		
		<script type="text/javascript" charset="utf-8">


			$(window).bind("resize", resizeWindow);


			//set the bottom thresholds for each size
			var huge = 1600;
			var desktop = 1024;
			var tablet = 640;

			function resizeWindow( e ) {



				$('.wrapper').each(function(){
					$(this).children('h3').children('span').html($(this).width());
				})

				var wwidth = $(window).width();
					var theLayout = 'Mobile';

				if(wwidth < tablet){
					$('nav').remove().insertAfter('#twoway');
				}

				if(wwidth >= tablet && wwidth < desktop){
					theLayout = 'Tablet';
					$('nav').remove().insertAfter('.header');
				}

				if(wwidth >= desktop && wwidth < huge){
					theLayout = 'Desktop';
					$('nav').remove().insertAfter('.header');
					$('.tools').remove().insertAfter('.rightRail');
				}

				if(wwidth >= huge){
					theLayout = 'Huge';
					$('.tools').remove().insertAfter('.contentWell');
				}

				$('.layoutType .type').html(theLayout);
				$('.layoutType .windowWidth').html(wwidth);
				//update width readouts for elements
				$('.siteWidth span').html($('.siteWidth').width() + "px");
				$('.contentWidth span').html($('.contentWidth').width() - 2 + "px");

			}
			resizeWindow();
		</script>
		
	</body>
	
</html>